Microchip MPLAB XC8 Compiler V2.32

Linker command line:

-W-3 --edf=C:\Program Files\Microchip\xc8\v2.32\pic\dat\en_msgs.txt -cn \
  -h+dist/default/production\MAESTRO_MPLAB.production.sym \
  --cmf=dist/default/production\MAESTRO_MPLAB.production.cmf -z -Q16F887 \
  -oC:\Users\jocar\AppData\Local\Temp\xcAs8jo.4 --defsym=__MPLAB_BUILD=1 \
  -Mdist/default/production/MAESTRO_MPLAB.production.map -E1 \
  -ver=XC8 Compiler --acfsm=1493 -ASTACK=0110h-016Fh -pstack=STACK \
  -ACODE=00h-07FFhx4 -ASTRCODE=00h-01FFFh -ASTRING=00h-0FFhx32 \
  -ACONST=00h-0FFhx32 -AENTRY=00h-0FFhx32 -ACOMMON=070h-07Fh \
  -ABANK0=020h-06Fh -ABANK1=0A0h-0EFh -ABANK2=0110h-016Fh \
  -ABANK3=0190h-01EFh -ARAM=020h-06Fh,0A0h-0EFh,0110h-016Fh,0190h-01EFh \
  -AABS1=020h-07Fh,0A0h-0EFh,0110h-016Fh,0190h-01EFh -ASFR0=00h-01Fh \
  -ASFR1=080h-09Fh -ASFR2=0100h-010Fh -ASFR3=0180h-018Fh \
  -ACONFIG=02007h-02008h -DCONFIG=2 -AIDLOC=02000h-02003h -DIDLOC=2 \
  -AEEDATA=00h-0FFh/02100h -peeprom_data=EEDATA -DEEDATA=2 -DCODE=2 \
  -DSTRCODE=2 -DSTRING=2 -DCONST=2 -DENTRY=2 \
  -preset_vec=00h,intentry=04h,init,end_init -ppowerup=CODE -pcinit=CODE \
  -pfunctab=ENTRY -k C:\Users\jocar\AppData\Local\Temp\xcAs8jo.o \
  dist/default/production\MAESTRO_MPLAB.production.o 

Object code version is 3.11

Machine type is 16F887



                Name                               Link     Load   Length Selector   Space Scale
C:\Users\jocar\AppData\Local\Temp\xcAs8jo.o
                end_init                              C        C        3        8       0
                reset_vec                             0        0        3        0       0
                config                             2007     2007        2        0       4
dist/default/production\MAESTRO_MPLAB.production.o
                cinit                                 F        F        B        8       0
                intentry                              4        4        8        8       0
                config                             2007     2007        2        0       4
                text17                              400      400        7      792       0
                text16                              3D7      3D7        D      792       0
                text15                              343      343       2E        8       0
                text14                              3F7      3F7        9      792       0
                text13                              3EE      3EE        9      792       0
                text12                              3E4      3E4        A      792       0
                text11                               1A       1A       B0        8       0
                text10                              3C9      3C9        E      792       0
                text9                               25D      25D       43        8       0
                text8                               371      371       26        8       0
                text7                               14D      14D       68        8       0
                text6                               2A0      2A0       3A        8       0
                text5                               1B5      1B5       65        8       0
                text4                               397      397       1A        8       0
                text3                               313      313       30        8       0
                text2                               21A      21A       43        8       0
                text1                                CA       CA       83        8       0
                maintext                            2DA      2DA       39        8       0
                cstackBANK0                          20       20       16       20       1
                cstackCOMMON                         70       70        8       70       1
                bssBANK0                             36       36        2       20       1
                bssCOMMON                            78       78        3       70       1
                strings                             3B1      3B1       18      762       0

TOTAL           Name                               Link     Load   Length     Space
        CLASS   STACK          

        CLASS   CODE           
                end_init                              C        C        3         0
                cinit                                 F        F        B         0
                intentry                              4        4        8         0
                reset_vec                             0        0        3         0
                text17                              400      400        7         0
                text16                              3D7      3D7        D         0
                text15                              343      343       2E         0
                text14                              3F7      3F7        9         0
                text13                              3EE      3EE        9         0
                text12                              3E4      3E4        A         0
                text11                               1A       1A       B0         0
                text10                              3C9      3C9        E         0
                text9                               25D      25D       43         0
                text8                               371      371       26         0
                text7                               14D      14D       68         0
                text6                               2A0      2A0       3A         0
                text5                               1B5      1B5       65         0
                text4                               397      397       1A         0
                text3                               313      313       30         0
                text2                               21A      21A       43         0
                text1                                CA       CA       83         0
                maintext                            2DA      2DA       39         0

        CLASS   STRCODE        

        CLASS   STRING         
                strings                             3B1      3B1       18         0

        CLASS   CONST          

        CLASS   ENTRY          

        CLASS   COMMON         
                cstackCOMMON                         70       70        8         1
                bssCOMMON                            78       78        3         1

        CLASS   BANK0          
                cstackBANK0                          20       20       16         1
                bssBANK0                             36       36        2         1

        CLASS   BANK1          

        CLASS   BANK2          

        CLASS   BANK3          

        CLASS   RAM            

        CLASS   ABS1           
                abs_s1                               7E       7E        2         1

        CLASS   SFR0           

        CLASS   SFR1           

        CLASS   SFR2           

        CLASS   SFR3           

        CLASS   CONFIG         
                config                             2007     2007        2         4

        CLASS   IDLOC          

        CLASS   EEDATA         



SEGMENTS        Name                           Load    Length   Top    Selector   Space  Class     Delta

                reset_vec                      000000  000003  000003         0       0  CODE        2
                intentry                       000004  0003AD  0003B1         8       0  CODE        2
                cstackBANK0                    000020  000018  000038        20       1  BANK0       1
                cstackCOMMON                   000070  00000B  00007B        70       1  COMMON      1
                strings                        0003B1  000018  0003C9       762       0  STRING      2
                text10                         0003C9  00003E  000407       792       0  CODE        2


UNUSED ADDRESS RANGES

        Name                Unused          Largest block    Delta
        BANK0            0038-006F             38           1
        BANK1            00A0-00EF             50           1
        BANK2            0110-016F             60           1
        BANK3            0190-01EF             60           1
        CODE             0003-0003              1           2
                         0407-1FFF            800
        COMMON           007B-007D              3           1
        CONST            0003-0003              1           2
                         0407-1FFF            100
        EEDATA           2100-21FF            100           2
        ENTRY            0003-0003              1           2
                         0407-1FFF            100
        IDLOC            2000-2003              4           2
        RAM              0038-006F             38           1
                         00A0-00EF             50
                         0110-016F             60
                         0190-01EF             60
        SFR0             0000-001F             20           1
        SFR1             0080-009F             20           1
        SFR2             0100-010F             10           1
        SFR3             0180-018F             10           1
        STACK            0110-016F             60           1
        STRCODE          0003-0003              1           2
                         0407-1FFF           1BF9
        STRING           0003-0003              1           2
                         0407-1FFF            100

                                  Symbol Table

?_I2C_Master_Read             cstackCOMMON 0072
?___lldiv                     cstackBANK0  0020
Config_USART@Freq             cstackCOMMON 0074
Config_USART@baud_rate        cstackCOMMON 0072
Escribir_comandoLCD@Comando   cstackCOMMON 0073
Escribir_stringLCD@d          cstackCOMMON 0076
Escribir_stringLCD@i          cstackCOMMON 0075
I2C_Master_Init@c             cstackBANK0  0028
I2C_Master_Read@a             cstackCOMMON 0072
I2C_Master_Read@temp          cstackCOMMON 0076
I2C_Master_Write@d            cstackCOMMON 0072
_ANSEL                        (abs)        0188
_ANSELH                       (abs)        0189
_BAUDCTLbits                  (abs)        0187
_Config_USART                 text11       001A
_Escribir_comandoLCD          text9        025D
_Escribir_stringLCD           text8        0371
_GIE                          (abs)        005F
_I2C_Master_Init              text6        02A0
_I2C_Master_Read              text15       0343
_I2C_Master_Start             text14       03F7
_I2C_Master_Stop              text13       03EE
_I2C_Master_Wait              text16       03D7
_I2C_Master_Write             text12       03E4
_Iniciar_LCD                  text5        01B5
_Limpiar_pantallaLCD          text4        0397
_OSCCONbits                   (abs)        008F
_PEIE                         (abs)        005E
_PIE1bits                     (abs)        008C
_PORTA                        (abs)        0005
_PORTB                        (abs)        0006
_PORTBbits                    (abs)        0006
_PORTC                        (abs)        0007
_PORTCbits                    (abs)        0007
_PORTD                        (abs)        0008
_PORTDbits                    (abs)        0008
_PORTE                        (abs)        0009
_RCSTAbits                    (abs)        0018
_SPBRG                        (abs)        0099
_SPBRGH                       (abs)        009A
_SSPADD                       (abs)        0093
_SSPBUF                       (abs)        0013
_SSPCON                       (abs)        0014
_SSPCON2                      (abs)        0091
_SSPCON2bits                  (abs)        0091
_SSPIE                        (abs)        0463
_SSPIF                        (abs)        0063
_SSPSTAT                      (abs)        0094
_TRISA                        (abs)        0085
_TRISB                        (abs)        0086
_TRISC0                       (abs)        0438
_TRISC1                       (abs)        0439
_TRISC2                       (abs)        043A
_TRISC3                       (abs)        043B
_TRISC4                       (abs)        043C
_TRISCbits                    (abs)        0087
_TRISD                        (abs)        0088
_TRISE                        (abs)        0089
_TXSTAbits                    (abs)        0098
__Habs1                       abs1         0000
__Hbank0                      bank0        0000
__Hbank1                      bank1        0000
__Hbank2                      bank2        0000
__Hbank3                      bank3        0000
__HbssBANK0                   bssBANK0     0000
__HbssCOMMON                  bssCOMMON    0000
__Hcinit                      cinit        001A
__Hclrtext                    clrtext      0000
__Hcode                       code         0000
__Hcommon                     common       0000
__Hconfig                     config       2009
__HcstackBANK0                cstackBANK0  0000
__HcstackCOMMON               cstackCOMMON 0000
__Heeprom_data                eeprom_data  0000
__Hend_init                   end_init     000F
__Hfunctab                    functab      0000
__Hinit                       init         000C
__Hintentry                   intentry     000C
__Hmaintext                   maintext     0000
__Hpowerup                    powerup      0000
__Hram                        ram          0000
__Hreset_vec                  reset_vec    0003
__Hsfr0                       sfr0         0000
__Hsfr1                       sfr1         0000
__Hsfr2                       sfr2         0000
__Hsfr3                       sfr3         0000
__Hspace_0                    (abs)        0407
__Hspace_1                    (abs)        007B
__Hspace_2                    (abs)        0000
__Hspace_3                    (abs)        0000
__Hspace_4                    (abs)        4010
__Hstack                      stack        0000
__Hstrings                    strings      0000
__Htext                       text         0000
__Labs1                       abs1         0000
__Lbank0                      bank0        0000
__Lbank1                      bank1        0000
__Lbank2                      bank2        0000
__Lbank3                      bank3        0000
__LbssBANK0                   bssBANK0     0000
__LbssCOMMON                  bssCOMMON    0000
__Lcinit                      cinit        000F
__Lclrtext                    clrtext      0000
__Lcode                       code         0000
__Lcommon                     common       0000
__Lconfig                     config       0000
__LcstackBANK0                cstackBANK0  0000
__LcstackCOMMON               cstackCOMMON 0000
__Leeprom_data                eeprom_data  0000
__Lend_init                   end_init     000C
__Lfunctab                    functab      0000
__Linit                       init         000C
__Lintentry                   intentry     0004
__Lmaintext                   maintext     0000
__Lpowerup                    powerup      0000
__Lram                        ram          0000
__Lreset_vec                  reset_vec    0000
__Lsfr0                       sfr0         0000
__Lsfr1                       sfr1         0000
__Lsfr2                       sfr2         0000
__Lsfr3                       sfr3         0000
__Lspace_0                    (abs)        0000
__Lspace_1                    (abs)        0000
__Lspace_2                    (abs)        0000
__Lspace_3                    (abs)        0000
__Lspace_4                    (abs)        0000
__Lstack                      stack        0000
__Lstrings                    strings      0000
__Ltext                       text         0000
__S0                          (abs)        0407
__S1                          (abs)        007B
__S2                          (abs)        0000
__S3                          (abs)        0000
___int_sp                     stack        0000
___latbits                    (abs)        0002
___lldiv                      text7        014D
___lldiv@counter              cstackCOMMON 0077
___lldiv@dividend             cstackBANK0  0024
___lldiv@divisor              cstackBANK0  0020
___lldiv@quotient             cstackCOMMON 0073
___sp                         stack        0000
___stackhi                    (abs)        0000
___stacklo                    (abs)        0000
__end_of_Config_USART         text11       00CA
__end_of_Escribir_comandoLCD  text9        02A0
__end_of_Escribir_stringLCD   text8        0397
__end_of_I2C_Master_Init      text6        02DA
__end_of_I2C_Master_Read      text15       0371
__end_of_I2C_Master_Start     text14       0400
__end_of_I2C_Master_Stop      text13       03F7
__end_of_I2C_Master_Wait      text16       03E4
__end_of_I2C_Master_Write     text12       03EE
__end_of_Iniciar_LCD          text5        021A
__end_of_Limpiar_pantallaLCD  text4        03B1
__end_of___lldiv              text7        01B5
__end_of__initialization      cinit        0016
__end_of__stringtab           strings      03B7
__end_of_initOsc              text3        0343
__end_of_isr                  text17       0407
__end_of_main                 maintext     0313
__end_of_prender_ELCD         text10       03D7
__end_of_set_cursor           text2        025D
__end_of_setup                text1        014D
__initialization              cinit        000F
__pbssBANK0                   bssBANK0     0036
__pbssCOMMON                  bssCOMMON    0078
__pcstackBANK0                cstackBANK0  0020
__pcstackCOMMON               cstackCOMMON 0070
__pintentry                   intentry     0004
__pmaintext                   maintext     02DA
__pstrings                    strings      03B1
__ptext1                      text1        00CA
__ptext10                     text10       03C9
__ptext11                     text11       001A
__ptext12                     text12       03E4
__ptext13                     text13       03EE
__ptext14                     text14       03F7
__ptext15                     text15       0343
__ptext16                     text16       03D7
__ptext17                     text17       0400
__ptext2                      text2        021A
__ptext3                      text3        0313
__ptext4                      text4        0397
__ptext5                      text5        01B5
__ptext6                      text6        02A0
__ptext7                      text7        014D
__ptext8                      text8        0371
__ptext9                      text9        025D
__size_of_Config_USART        (abs)        0000
__size_of_Escribir_comandoLCD (abs)        0000
__size_of_Escribir_stringLCD  (abs)        0000
__size_of_I2C_Master_Init     (abs)        0000
__size_of_I2C_Master_Read     (abs)        0000
__size_of_I2C_Master_Start    (abs)        0000
__size_of_I2C_Master_Stop     (abs)        0000
__size_of_I2C_Master_Wait     (abs)        0000
__size_of_I2C_Master_Write    (abs)        0000
__size_of_Iniciar_LCD         (abs)        0000
__size_of_Limpiar_pantallaLCD (abs)        0000
__size_of___lldiv             (abs)        0000
__size_of_initOsc             (abs)        0000
__size_of_isr                 (abs)        0000
__size_of_main                (abs)        0000
__size_of_prender_ELCD        (abs)        0000
__size_of_set_cursor          (abs)        0000
__size_of_setup               (abs)        0000
__stringbase                  strings      03B6
__stringtab                   strings      03B1
_initOsc                      text3        0313
_isr                          text17       0400
_main                         maintext     02DA
_prender_ELCD                 text10       03C9
_set_cursor                   text2        021A
_setup                        text1        00CA
_val_giro                     bssCOMMON    007A
btemp                         (abs)        007E
end_of_initialization         cinit        0016
initOsc@Valor                 cstackCOMMON 0072
interrupt_function            intentry     0004
intlevel0                     functab      0000
intlevel1                     functab      0000
intlevel2                     functab      0000
intlevel3                     functab      0000
intlevel4                     functab      0000
intlevel5                     functab      0000
reset_vec                     reset_vec    0000
saved_w                       (abs)        007E
set_cursor@linea              cstackCOMMON 0077
set_cursor@posicion           cstackCOMMON 0074
start                         init         000C
start_initialization          cinit        000F
wtemp0                        (abs)        007E


MODULE INFORMATION

Module		Function		Class		Link	Load	Size
UART.c
		_Config_USART  		CODE           	001A	0000	176

UART.c estimated size: 176

I2C.c
		_I2C_Master_Read		CODE           	0343	0000	46
		_I2C_Master_Wait		CODE           	03D7	0000	13
		_I2C_Master_Init		CODE           	02A0	0000	58
		_I2C_Master_Stop		CODE           	03EE	0000	9
		_I2C_Master_Write		CODE           	03E4	0000	10
		_I2C_Master_Start		CODE           	03F7	0000	9

I2C.c estimated size: 145

Oscilador.c
		_initOsc       		CODE           	0313	0000	48

Oscilador.c estimated size: 48

shared
		__stringtab    		STRING         	03B1	0000	6
		__initialization		CODE           	000F	0000	7

shared estimated size: 13

Maestro I2C.c
		_main          		CODE           	02DA	0000	57
		_isr           		CODE           	0400	0000	7
		_setup         		CODE           	00CA	0000	131

Maestro I2C.c estimated size: 195

LCD.c
		_Iniciar_LCD   		CODE           	01B5	0000	101
		_set_cursor    		CODE           	021A	0000	67
		_Escribir_stringLCD		CODE           	0371	0000	38
		_Limpiar_pantallaLCD		CODE           	0397	0000	26
		_Escribir_comandoLCD		CODE           	025D	0000	67
		_prender_ELCD  		CODE           	03C9	0000	14

LCD.c estimated size: 313

C:\Program Files\Microchip\xc8\v2.32\pic\sources\c90\common\__lldiv.c
		___lldiv       		CODE           	014D	0000	104

C:\Program Files\Microchip\xc8\v2.32\pic\sources\c90\common\__lldiv.c estimated size: 104

