Microchip MPLAB XC8 Compiler V2.32

Linker command line:

-W-3 --edf=C:\Program Files\Microchip\xc8\v2.32\pic\dat\en_msgs.txt -cn \
  -h+dist/default/production\MAESTRO_MPLAB.production.sym \
  --cmf=dist/default/production\MAESTRO_MPLAB.production.cmf -z -Q16F887 \
  -oC:\Users\jocar\AppData\Local\Temp\xcAshcs.4 --defsym=__MPLAB_BUILD=1 \
  -Mdist/default/production/MAESTRO_MPLAB.production.map -E1 \
  -ver=XC8 Compiler --acfsm=1493 -ASTACK=0110h-016Fh -pstack=STACK \
  -ACODE=00h-07FFhx4 -ASTRCODE=00h-01FFFh -ASTRING=00h-0FFhx32 \
  -ACONST=00h-0FFhx32 -AENTRY=00h-0FFhx32 -ACOMMON=070h-07Fh \
  -ABANK0=020h-06Fh -ABANK1=0A0h-0EFh -ABANK2=0110h-016Fh \
  -ABANK3=0190h-01EFh -ARAM=020h-06Fh,0A0h-0EFh,0110h-016Fh,0190h-01EFh \
  -AABS1=020h-07Fh,0A0h-0EFh,0110h-016Fh,0190h-01EFh -ASFR0=00h-01Fh \
  -ASFR1=080h-09Fh -ASFR2=0100h-010Fh -ASFR3=0180h-018Fh \
  -ACONFIG=02007h-02008h -DCONFIG=2 -AIDLOC=02000h-02003h -DIDLOC=2 \
  -AEEDATA=00h-0FFh/02100h -peeprom_data=EEDATA -DEEDATA=2 -DCODE=2 \
  -DSTRCODE=2 -DSTRING=2 -DCONST=2 -DENTRY=2 \
  -preset_vec=00h,intentry=04h,init,end_init -ppowerup=CODE -pcinit=CODE \
  -pfunctab=ENTRY -k C:\Users\jocar\AppData\Local\Temp\xcAshcs.o \
  dist/default/production\MAESTRO_MPLAB.production.o 

Object code version is 3.11

Machine type is 16F887



                Name                               Link     Load   Length Selector   Space Scale
C:\Users\jocar\AppData\Local\Temp\xcAshcs.o
                end_init                              C        C        3        8       0
                reset_vec                             0        0        3        0       0
                config                             2007     2007        2        0       4
dist/default/production\MAESTRO_MPLAB.production.o
                cinit                                 F        F        F        8       0
                intentry                              4        4        8        8       0
                config                             2007     2007        2        0       4
                text23                              7F4      7F4        7      DFE       0
                text22                              7B1      7B1        E      DFE       0
                text21                              64B      64B       43        8       0
                text20                              7CC      7CC        C      DFE       0
                text19                              7BF      7BF        D      DFE       0
                text18                              72F      72F       28      DFE       0
                text17                              42C      42C       69        8       0
                text16                              562      562       59        8       0
                text15                              5BB      5BB       4D        8       0
                text14                              27F      27F       B0        8       0
                text13                              757      757       26      DFE       0
                text12                              4FD      4FD       65        8       0
                text11                              7E3      7E3        9      DFE       0
                text10                              7D8      7D8        B      DFE       0
                text9                               797      797       1A      DFE       0
                text8                               32F      32F       8A        8       0
                text7                               495      495       68        8       0
                text6                               1CE      1CE       B1        8       0
                text5                               77D      77D       1A      DFE       0
                text4                               6FF      6FF       30      DFE       0
                text3                               608      608       43        8       0
                text2                               3B9      3B9       73        8       0
                text1                               68E      68E       3F        8       0
                maintext                             1E       1E      1B0        8       0
                cstackBANK0                          39       39       16       20       1
                cstackCOMMON                         70       70        A       70       1
                clrtext                             7EC      7EC        8      DFE       0
                bssBANK0                             20       20       19       20       1
                bssCOMMON                            7A       7A        2       70       1
                strings                             6CD      6CD       32      D9A       0

TOTAL           Name                               Link     Load   Length     Space
        CLASS   STACK          

        CLASS   CODE           
                end_init                              C        C        3         0
                cinit                                 F        F        F         0
                intentry                              4        4        8         0
                reset_vec                             0        0        3         0
                text23                              7F4      7F4        7         0
                text22                              7B1      7B1        E         0
                text21                              64B      64B       43         0
                text20                              7CC      7CC        C         0
                text19                              7BF      7BF        D         0
                text18                              72F      72F       28         0
                text17                              42C      42C       69         0
                text16                              562      562       59         0
                text15                              5BB      5BB       4D         0
                text14                              27F      27F       B0         0
                text13                              757      757       26         0
                text12                              4FD      4FD       65         0
                text11                              7E3      7E3        9         0
                text10                              7D8      7D8        B         0
                text9                               797      797       1A         0
                text8                               32F      32F       8A         0
                text7                               495      495       68         0
                text6                               1CE      1CE       B1         0
                text5                               77D      77D       1A         0
                text4                               6FF      6FF       30         0
                text3                               608      608       43         0
                text2                               3B9      3B9       73         0
                text1                               68E      68E       3F         0
                maintext                             1E       1E      1B0         0
                clrtext                             7EC      7EC        8         0

        CLASS   STRCODE        

        CLASS   STRING         
                strings                             6CD      6CD       32         0

        CLASS   CONST          

        CLASS   ENTRY          

        CLASS   COMMON         
                cstackCOMMON                         70       70        A         1
                bssCOMMON                            7A       7A        2         1

        CLASS   BANK0          
                cstackBANK0                          39       39       16         1
                bssBANK0                             20       20       19         1

        CLASS   BANK1          

        CLASS   BANK2          

        CLASS   BANK3          

        CLASS   RAM            

        CLASS   ABS1           
                abs_s1                               7E       7E        2         1

        CLASS   SFR0           

        CLASS   SFR1           

        CLASS   SFR2           

        CLASS   SFR3           

        CLASS   CONFIG         
                config                             2007     2007        2         4

        CLASS   IDLOC          

        CLASS   EEDATA         



SEGMENTS        Name                           Load    Length   Top    Selector   Space  Class     Delta

                reset_vec                      000000  000003  000003         0       0  CODE        2
                intentry                       000004  0006C9  0006CD         8       0  CODE        2
                bssBANK0                       000020  00002F  00004F        20       1  BANK0       1
                cstackCOMMON                   000070  00000C  00007C        70       1  COMMON      1
                strings                        0006CD  000032  0006FF       D9A       0  STRING      2
                text4                          0006FF  0000FC  0007FB       DFE       0  CODE        2


UNUSED ADDRESS RANGES

        Name                Unused          Largest block    Delta
        BANK0            004F-006F             21           1
        BANK1            00A0-00EF             50           1
        BANK2            0110-016F             60           1
        BANK3            0190-01EF             60           1
        CODE             0003-0003              1           2
                         07FB-1FFF            800
        COMMON           007C-007D              2           1
        CONST            0003-0003              1           2
                         07FB-1FFF            100
        EEDATA           2100-21FF            100           2
        ENTRY            0003-0003              1           2
                         07FB-1FFF            100
        IDLOC            2000-2003              4           2
        RAM              004F-006F             21           1
                         00A0-00EF             50
                         0110-016F             60
                         0190-01EF             60
        SFR0             0000-001F             20           1
        SFR1             0080-009F             20           1
        SFR2             0100-010F             10           1
        SFR3             0180-018F             10           1
        STACK            0110-016F             60           1
        STRCODE          0003-0003              1           2
                         07FB-1FFF           1805
        STRING           0003-0003              1           2
                         07FB-1FFF            100

                                  Symbol Table

?___awdiv                      cstackCOMMON 0072
?___awmod                      cstackCOMMON 0072
?___lldiv                      cstackCOMMON 0072
Config_USART@Freq              cstackCOMMON 0074
Config_USART@baud_rate         cstackCOMMON 0072
Escribir_caracterLCD@a         cstackCOMMON 0074
Escribir_comandoLCD@Comando    cstackCOMMON 0073
Escribir_stringLCD@d           cstackCOMMON 0076
Escribir_stringLCD@i           cstackCOMMON 0075
I2CMasterRead@ACK              cstackCOMMON 0073
I2CMasterRead@Datos            cstackCOMMON 0074
I2CMasterWrite@Datos           cstackCOMMON 0072
I2C_Master_Start@Modo_Inicio   cstackCOMMON 0072
InitMSSP@Dato                  cstackBANK0  003F
InitMSSP@Modo                  cstackBANK0  0047
_ANSEL                         (abs)        0188
_ANSELH                        (abs)        0189
_Ax                            bssBANK0     002C
_Ay                            bssBANK0     002A
_Az                            bssBANK0     0028
_BAUDCTLbits                   (abs)        0187
_CKP                           (abs)        00A4
_Config_USART                  text14       027F
_Escribir_caracterLCD          text20       07CC
_Escribir_comandoLCD           text21       064B
_Escribir_stringLCD            text13       0757
_Giro_digx                     bssCOMMON    007B
_Giro_digy                     bssCOMMON    007A
_Gx                            bssBANK0     0024
_Gy                            bssBANK0     0022
_Gz                            bssBANK0     0020
_I2CMasterCheck                text19       07BF
_I2CMasterRead                 text18       072F
_I2CMasterStop                 text11       07E3
_I2CMasterWrite                text10       07D8
_I2C_Master_Start              text9        0797
_INTCONbits                    (abs)        000B
_Iniciar_LCD                   text12       04FD
_InitMPU6050                   text8        032F
_InitMSSP                      text6        01CE
_Limpiar_pantallaLCD           text5        077D
_OSCCONbits                    (abs)        008F
_PIE1bits                      (abs)        008C
_PORTA                         (abs)        0005
_PORTB                         (abs)        0006
_PORTBbits                     (abs)        0006
_PORTD                         (abs)        0008
_PORTDbits                     (abs)        0008
_RCSTAbits                     (abs)        0018
_SPBRG                         (abs)        0099
_SPBRGH                        (abs)        009A
_SSPADD                        (abs)        0093
_SSPBUF                        (abs)        0013
_SSPCON                        (abs)        0014
_SSPCON2                       (abs)        0091
_SSPCON2bits                   (abs)        0091
_SSPCONbits                    (abs)        0014
_SSPIF                         (abs)        0063
_SSPSTAT                       (abs)        0094
_SSPSTATbits                   (abs)        0094
_TRISA                         (abs)        0085
_TRISAbits                     (abs)        0085
_TRISB                         (abs)        0086
_TRISCbits                     (abs)        0087
_TRISD                         (abs)        0088
_TXSTAbits                     (abs)        0098
_Temp                          bssBANK0     0026
_UA                            (abs)        04A1
__Habs1                        abs1         0000
__Hbank0                       bank0        0000
__Hbank1                       bank1        0000
__Hbank2                       bank2        0000
__Hbank3                       bank3        0000
__HbssBANK0                    bssBANK0     0000
__HbssCOMMON                   bssCOMMON    0000
__Hcinit                       cinit        001E
__Hclrtext                     clrtext      0000
__Hcode                        code         0000
__Hcommon                      common       0000
__Hconfig                      config       2009
__HcstackBANK0                 cstackBANK0  0000
__HcstackCOMMON                cstackCOMMON 0000
__Heeprom_data                 eeprom_data  0000
__Hend_init                    end_init     000F
__Hfunctab                     functab      0000
__Hinit                        init         000C
__Hintentry                    intentry     000C
__Hmaintext                    maintext     0000
__Hpowerup                     powerup      0000
__Hram                         ram          0000
__Hreset_vec                   reset_vec    0003
__Hsfr0                        sfr0         0000
__Hsfr1                        sfr1         0000
__Hsfr2                        sfr2         0000
__Hsfr3                        sfr3         0000
__Hspace_0                     (abs)        07FB
__Hspace_1                     (abs)        007C
__Hspace_2                     (abs)        0000
__Hspace_3                     (abs)        0000
__Hspace_4                     (abs)        4010
__Hstack                       stack        0000
__Hstrings                     strings      0000
__Htext                        text         0000
__Labs1                        abs1         0000
__Lbank0                       bank0        0000
__Lbank1                       bank1        0000
__Lbank2                       bank2        0000
__Lbank3                       bank3        0000
__LbssBANK0                    bssBANK0     0000
__LbssCOMMON                   bssCOMMON    0000
__Lcinit                       cinit        000F
__Lclrtext                     clrtext      0000
__Lcode                        code         0000
__Lcommon                      common       0000
__Lconfig                      config       0000
__LcstackBANK0                 cstackBANK0  0000
__LcstackCOMMON                cstackCOMMON 0000
__Leeprom_data                 eeprom_data  0000
__Lend_init                    end_init     000C
__Lfunctab                     functab      0000
__Linit                        init         000C
__Lintentry                    intentry     0004
__Lmaintext                    maintext     0000
__Lpowerup                     powerup      0000
__Lram                         ram          0000
__Lreset_vec                   reset_vec    0000
__Lsfr0                        sfr0         0000
__Lsfr1                        sfr1         0000
__Lsfr2                        sfr2         0000
__Lsfr3                        sfr3         0000
__Lspace_0                     (abs)        0000
__Lspace_1                     (abs)        0000
__Lspace_2                     (abs)        0000
__Lspace_3                     (abs)        0000
__Lspace_4                     (abs)        0000
__Lstack                       stack        0000
__Lstrings                     strings      0000
__Ltext                        text         0000
__S0                           (abs)        07FB
__S1                           (abs)        007C
__S2                           (abs)        0000
__S3                           (abs)        0000
___awdiv                       text17       042C
___awdiv@counter               cstackBANK0  0039
___awdiv@dividend              cstackCOMMON 0074
___awdiv@divisor               cstackCOMMON 0072
___awdiv@quotient              cstackBANK0  003B
___awdiv@sign                  cstackBANK0  003A
___awmod                       text16       0562
___awmod@counter               cstackCOMMON 0077
___awmod@dividend              cstackCOMMON 0074
___awmod@divisor               cstackCOMMON 0072
___awmod@sign                  cstackCOMMON 0078
___int_sp                      stack        0000
___latbits                     (abs)        0002
___lldiv                       text7        0495
___lldiv@counter               cstackBANK0  003E
___lldiv@dividend              cstackCOMMON 0076
___lldiv@divisor               cstackCOMMON 0072
___lldiv@quotient              cstackBANK0  003A
___sp                          stack        0000
___stackhi                     (abs)        0000
___stacklo                     (abs)        0000
__end_of_Config_USART          text14       032F
__end_of_Escribir_caracterLCD  text20       07D8
__end_of_Escribir_comandoLCD   text21       068E
__end_of_Escribir_stringLCD    text13       077D
__end_of_I2CMasterCheck        text19       07CC
__end_of_I2CMasterRead         text18       0757
__end_of_I2CMasterStop         text11       07EC
__end_of_I2CMasterWrite        text10       07E3
__end_of_I2C_Master_Start      text9        07B1
__end_of_Iniciar_LCD           text12       0562
__end_of_InitMPU6050           text8        03B9
__end_of_InitMSSP              text6        027F
__end_of_Limpiar_pantallaLCD   text5        0797
__end_of___awdiv               text17       0495
__end_of___awmod               text16       05BB
__end_of___lldiv               text7        04FD
__end_of__initialization       cinit        001A
__end_of__stringtab            strings      06D3
__end_of_divisor_dec           text15       0608
__end_of_initOsc               text4        072F
__end_of_isr                   text23       07FB
__end_of_main                  maintext     01CE
__end_of_prender_ELCD          text22       07BF
__end_of_set_cursor            text3        064B
__end_of_setup                 text2        042C
__end_of_tabla_numASCII        text1        06CD
__initialization               cinit        000F
__pbssBANK0                    bssBANK0     0020
__pbssCOMMON                   bssCOMMON    007A
__pcstackBANK0                 cstackBANK0  0039
__pcstackCOMMON                cstackCOMMON 0070
__pintentry                    intentry     0004
__pmaintext                    maintext     001E
__pstrings                     strings      06CD
__ptext1                       text1        068E
__ptext10                      text10       07D8
__ptext11                      text11       07E3
__ptext12                      text12       04FD
__ptext13                      text13       0757
__ptext14                      text14       027F
__ptext15                      text15       05BB
__ptext16                      text16       0562
__ptext17                      text17       042C
__ptext18                      text18       072F
__ptext19                      text19       07BF
__ptext2                       text2        03B9
__ptext20                      text20       07CC
__ptext21                      text21       064B
__ptext22                      text22       07B1
__ptext23                      text23       07F4
__ptext3                       text3        0608
__ptext4                       text4        06FF
__ptext5                       text5        077D
__ptext6                       text6        01CE
__ptext7                       text7        0495
__ptext8                       text8        032F
__ptext9                       text9        0797
__size_of_Config_USART         (abs)        0000
__size_of_Escribir_caracterLCD (abs)        0000
__size_of_Escribir_comandoLCD  (abs)        0000
__size_of_Escribir_stringLCD   (abs)        0000
__size_of_I2CMasterCheck       (abs)        0000
__size_of_I2CMasterRead        (abs)        0000
__size_of_I2CMasterStop        (abs)        0000
__size_of_I2CMasterWrite       (abs)        0000
__size_of_I2C_Master_Start     (abs)        0000
__size_of_Iniciar_LCD          (abs)        0000
__size_of_InitMPU6050          (abs)        0000
__size_of_InitMSSP             (abs)        0000
__size_of_Limpiar_pantallaLCD  (abs)        0000
__size_of___awdiv              (abs)        0000
__size_of___awmod              (abs)        0000
__size_of___lldiv              (abs)        0000
__size_of_divisor_dec          (abs)        0000
__size_of_initOsc              (abs)        0000
__size_of_isr                  (abs)        0000
__size_of_main                 (abs)        0000
__size_of_prender_ELCD         (abs)        0000
__size_of_set_cursor           (abs)        0000
__size_of_setup                (abs)        0000
__size_of_tabla_numASCII       (abs)        0000
__stringbase                   strings      06D2
__stringtab                    strings      06CD
_cen_x                         bssBANK0     0036
_cen_y                         bssBANK0     0033
_dec_x                         bssBANK0     0037
_dec_y                         bssBANK0     0034
_divisor_dec                   text15       05BB
_initOsc                       text4        06FF
_isr                           text23       07F4
_main                          maintext     001E
_prender_ELCD                  text22       07B1
_set_cursor                    text3        0608
_setup                         text2        03B9
_tabla_numASCII                text1        068E
_uni_x                         bssBANK0     0038
_uni_y                         bssBANK0     0035
btemp                          (abs)        007E
clear_ram0                     clrtext      07EC
divisor_dec@b                  cstackBANK0  003D
divisor_dec@dig1               cstackBANK0  003F
divisor_dec@n                  cstackBANK0  0042
end_of_initialization          cinit        001A
initOsc@Valor                  cstackCOMMON 0072
interrupt_function             intentry     0004
intlevel0                      functab      0000
intlevel1                      functab      0000
intlevel2                      functab      0000
intlevel3                      functab      0000
intlevel4                      functab      0000
intlevel5                      functab      0000
reset_vec                      reset_vec    0000
saved_w                        (abs)        007E
set_cursor@linea               cstackCOMMON 0077
set_cursor@posicion            cstackCOMMON 0074
start                          init         000C
start_initialization           cinit        000F
tabla_numASCII@a               cstackCOMMON 0074
wtemp0                         (abs)        007E


MODULE INFORMATION

Module		Function		Class		Link	Load	Size
MPU.c
		_InitMPU6050   		CODE           	032F	0000	138

MPU.c estimated size: 138

UART.c
		_Config_USART  		CODE           	027F	0000	176

UART.c estimated size: 176

I2C.c
		_InitMSSP      		CODE           	01CE	0000	177
		_I2CMasterRead 		CODE           	072F	0000	40
		_I2CMasterStop 		CODE           	07E3	0000	9
		_I2CMasterCheck		CODE           	07BF	0000	13
		_I2CMasterWrite		CODE           	07D8	0000	11
		_I2C_Master_Start		CODE           	0797	0000	26

I2C.c estimated size: 276

Oscilador.c
		_initOsc       		CODE           	06FF	0000	48

Oscilador.c estimated size: 48

C:\Program Files\Microchip\xc8\v2.32\pic\sources\c90\common\awmod.c
		___awmod       		CODE           	0562	0000	89

C:\Program Files\Microchip\xc8\v2.32\pic\sources\c90\common\awmod.c estimated size: 89

shared
		__stringtab    		STRING         	06CD	0000	6
		__initialization		CODE           	000F	0000	11

shared estimated size: 17

Maestro I2C.c
		_tabla_numASCII		CODE           	068E	0000	63
		_main          		CODE           	001E	0000	432
		_isr           		CODE           	07F4	0000	7
		_setup         		CODE           	03B9	0000	115
		_divisor_dec   		CODE           	05BB	0000	77

Maestro I2C.c estimated size: 694

C:\Program Files\Microchip\xc8\v2.32\pic\sources\c90\common\awdiv.c
		___awdiv       		CODE           	042C	0000	105

C:\Program Files\Microchip\xc8\v2.32\pic\sources\c90\common\awdiv.c estimated size: 105

LCD.c
		_Escribir_caracterLCD		CODE           	07CC	0000	12
		_Iniciar_LCD   		CODE           	04FD	0000	101
		_set_cursor    		CODE           	0608	0000	67
		_Escribir_stringLCD		CODE           	0757	0000	38
		_Limpiar_pantallaLCD		CODE           	077D	0000	26
		_Escribir_comandoLCD		CODE           	064B	0000	67
		_prender_ELCD  		CODE           	07B1	0000	14

LCD.c estimated size: 325

C:\Program Files\Microchip\xc8\v2.32\pic\sources\c90\common\__lldiv.c
		___lldiv       		CODE           	0495	0000	104

C:\Program Files\Microchip\xc8\v2.32\pic\sources\c90\common\__lldiv.c estimated size: 104

