Microchip MPLAB XC8 Compiler V2.32

Linker command line:

-W-3 --edf=C:\Program Files\Microchip\xc8\v2.32\pic\dat\en_msgs.txt -cn \
  -h+dist/default/production\MAESTRO_MPLAB.production.sym \
  --cmf=dist/default/production\MAESTRO_MPLAB.production.cmf -z -Q16F887 \
  -oC:\Users\jocar\AppData\Local\Temp\xcAshk0.4 --defsym=__MPLAB_BUILD=1 \
  -Mdist/default/production/MAESTRO_MPLAB.production.map -E1 \
  -ver=XC8 Compiler --acfsm=1493 -ASTACK=0110h-016Fh -pstack=STACK \
  -ACODE=00h-07FFhx4 -ASTRCODE=00h-01FFFh -ASTRING=00h-0FFhx32 \
  -ACONST=00h-0FFhx32 -AENTRY=00h-0FFhx32 -ACOMMON=070h-07Fh \
  -ABANK0=020h-06Fh -ABANK1=0A0h-0EFh -ABANK2=0110h-016Fh \
  -ABANK3=0190h-01EFh -ARAM=020h-06Fh,0A0h-0EFh,0110h-016Fh,0190h-01EFh \
  -AABS1=020h-07Fh,0A0h-0EFh,0110h-016Fh,0190h-01EFh -ASFR0=00h-01Fh \
  -ASFR1=080h-09Fh -ASFR2=0100h-010Fh -ASFR3=0180h-018Fh \
  -ACONFIG=02007h-02008h -DCONFIG=2 -AIDLOC=02000h-02003h -DIDLOC=2 \
  -AEEDATA=00h-0FFh/02100h -peeprom_data=EEDATA -DEEDATA=2 -DCODE=2 \
  -DSTRCODE=2 -DSTRING=2 -DCONST=2 -DENTRY=2 \
  -preset_vec=00h,intentry=04h,init,end_init -ppowerup=CODE -pcinit=CODE \
  -pfunctab=ENTRY -k C:\Users\jocar\AppData\Local\Temp\xcAshk0.o \
  dist/default/production\MAESTRO_MPLAB.production.o 

Object code version is 3.11

Machine type is 16F887



                Name                               Link     Load   Length Selector   Space Scale
C:\Users\jocar\AppData\Local\Temp\xcAshk0.o
                end_init                              C        C        3        8       0
                reset_vec                             0        0        3        0       0
                config                             2007     2007        2        0       4
dist/default/production\MAESTRO_MPLAB.production.o
                cinit                                 F        F        F        8       0
                intentry                              4        4        8        8       0
                config                             2007     2007        2        0       4
                text24                              769      769        7      CEE       0
                text23                              715      715        E      CEE       0
                text22                              58B      58B       43        8       0
                text21                              730      730        C      CEE       0
                text20                              723      723        D      CEE       0
                text19                              6A7      6A7       2E      CEE       0
                text18                              369      369       69        8       0
                text17                              49F      49F       59        8       0
                text16                              4F8      4F8       50        8       0
                text15                              195      195       B0        8       0
                text14                              6D5      6D5       26      CEE       0
                text13                              3D2      3D2       68        8       0
                text12                              60D      60D       38        8       0
                text11                              43A      43A       65        8       0
                text10                              758      758        9      CEE       0
                text9                               74F      74F        9      CEE       0
                text8                               746      746        9      CEE       0
                text7                               73C      73C        A      CEE       0
                text6                               245      245       AF        8       0
                text5                               6FB      6FB       1A      CEE       0
                text4                               677      677       30      CEE       0
                text3                               548      548       43        8       0
                text2                               2F4      2F4       75        8       0
                text1                               5CE      5CE       3F        8       0
                maintext                             1E       1E      177        8       0
                cstackBANK0                          38       38       13       20       1
                cstackCOMMON                         70       70        A       70       1
                clrtext                             761      761        8      CEE       0
                bssBANK0                             20       20       18       20       1
                bssCOMMON                            7A       7A        2       70       1
                strings                             645      645       32      C8A       0

TOTAL           Name                               Link     Load   Length     Space
        CLASS   STACK          

        CLASS   CODE           
                end_init                              C        C        3         0
                cinit                                 F        F        F         0
                intentry                              4        4        8         0
                reset_vec                             0        0        3         0
                text24                              769      769        7         0
                text23                              715      715        E         0
                text22                              58B      58B       43         0
                text21                              730      730        C         0
                text20                              723      723        D         0
                text19                              6A7      6A7       2E         0
                text18                              369      369       69         0
                text17                              49F      49F       59         0
                text16                              4F8      4F8       50         0
                text15                              195      195       B0         0
                text14                              6D5      6D5       26         0
                text13                              3D2      3D2       68         0
                text12                              60D      60D       38         0
                text11                              43A      43A       65         0
                text10                              758      758        9         0
                text9                               74F      74F        9         0
                text8                               746      746        9         0
                text7                               73C      73C        A         0
                text6                               245      245       AF         0
                text5                               6FB      6FB       1A         0
                text4                               677      677       30         0
                text3                               548      548       43         0
                text2                               2F4      2F4       75         0
                text1                               5CE      5CE       3F         0
                maintext                             1E       1E      177         0
                clrtext                             761      761        8         0

        CLASS   STRCODE        

        CLASS   STRING         
                strings                             645      645       32         0

        CLASS   CONST          

        CLASS   ENTRY          

        CLASS   COMMON         
                cstackCOMMON                         70       70        A         1
                bssCOMMON                            7A       7A        2         1

        CLASS   BANK0          
                cstackBANK0                          38       38       13         1
                bssBANK0                             20       20       18         1

        CLASS   BANK1          

        CLASS   BANK2          

        CLASS   BANK3          

        CLASS   RAM            

        CLASS   ABS1           
                abs_s1                               7E       7E        2         1

        CLASS   SFR0           

        CLASS   SFR1           

        CLASS   SFR2           

        CLASS   SFR3           

        CLASS   CONFIG         
                config                             2007     2007        2         4

        CLASS   IDLOC          

        CLASS   EEDATA         



SEGMENTS        Name                           Load    Length   Top    Selector   Space  Class     Delta

                reset_vec                      000000  000003  000003         0       0  CODE        2
                intentry                       000004  000641  000645         8       0  CODE        2
                bssBANK0                       000020  00002B  00004B        20       1  BANK0       1
                cstackCOMMON                   000070  00000C  00007C        70       1  COMMON      1
                strings                        000645  000032  000677       C8A       0  STRING      2
                text4                          000677  0000F9  000770       CEE       0  CODE        2


UNUSED ADDRESS RANGES

        Name                Unused          Largest block    Delta
        BANK0            004B-006F             25           1
        BANK1            00A0-00EF             50           1
        BANK2            0110-016F             60           1
        BANK3            0190-01EF             60           1
        CODE             0003-0003              1           2
                         0770-1FFF            800
        COMMON           007C-007D              2           1
        CONST            0003-0003              1           2
                         0770-1FFF            100
        EEDATA           2100-21FF            100           2
        ENTRY            0003-0003              1           2
                         0770-1FFF            100
        IDLOC            2000-2003              4           2
        RAM              004B-006F             25           1
                         00A0-00EF             50
                         0110-016F             60
                         0190-01EF             60
        SFR0             0000-001F             20           1
        SFR1             0080-009F             20           1
        SFR2             0100-010F             10           1
        SFR3             0180-018F             10           1
        STACK            0110-016F             60           1
        STRCODE          0003-0003              1           2
                         0770-1FFF           1890
        STRING           0003-0003              1           2
                         0770-1FFF            100

                                  Symbol Table

?_I2C_Master_Read                  cstackCOMMON 0072
?___awdiv                          cstackCOMMON 0072
?___awmod                          cstackCOMMON 0072
?___lldiv                          cstackCOMMON 0072
Config_USART@Freq                  cstackCOMMON 0074
Config_USART@baud_rate             cstackCOMMON 0072
Escribir_caracterLCD@a             cstackCOMMON 0074
Escribir_comandoLCD@Comando        cstackCOMMON 0073
Escribir_stringLCD@d               cstackCOMMON 0076
Escribir_stringLCD@i               cstackCOMMON 0075
I2C_Master_Init@c                  cstackBANK0  003E
I2C_Master_Read@a                  cstackCOMMON 0072
I2C_Master_Read@temp               cstackCOMMON 0076
I2C_Master_Write@d                 cstackCOMMON 0072
_ANSEL                             (abs)        0188
_ANSELH                            (abs)        0189
_Ax                                bssBANK0     002C
_Ay                                bssBANK0     002A
_Az                                bssBANK0     0028
_BAUDCTLbits                       (abs)        0187
_Config_USART                      text15       0195
_Escribir_caracterLCD              text21       0730
_Escribir_comandoLCD               text22       058B
_Escribir_stringLCD                text14       06D5
_GIE                               (abs)        005F
_Giro_digx                         bssCOMMON    007B
_Gx                                bssBANK0     0024
_Gy                                bssBANK0     0022
_Gz                                bssBANK0     0020
_I2C_Master_Init                   text12       060D
_I2C_Master_Read                   text19       06A7
_I2C_Master_RepeatedStart          text10       0758
_I2C_Master_Start                  text9        074F
_I2C_Master_Stop                   text8        0746
_I2C_Master_Wait                   text20       0723
_I2C_Master_Write                  text7        073C
_Iniciar_LCD                       text11       043A
_InitMPU6050                       text6        0245
_Limpiar_pantallaLCD               text5        06FB
_OSCCONbits                        (abs)        008F
_PEIE                              (abs)        005E
_PIE1bits                          (abs)        008C
_PORTA                             (abs)        0005
_PORTB                             (abs)        0006
_PORTBbits                         (abs)        0006
_PORTC                             (abs)        0007
_PORTD                             (abs)        0008
_PORTDbits                         (abs)        0008
_PORTE                             (abs)        0009
_RCSTAbits                         (abs)        0018
_SPBRG                             (abs)        0099
_SPBRGH                            (abs)        009A
_SSPADD                            (abs)        0093
_SSPBUF                            (abs)        0013
_SSPCON                            (abs)        0014
_SSPCON2                           (abs)        0091
_SSPCON2bits                       (abs)        0091
_SSPIE                             (abs)        0463
_SSPIF                             (abs)        0063
_SSPSTAT                           (abs)        0094
_TRISA                             (abs)        0085
_TRISB                             (abs)        0086
_TRISC3                            (abs)        043B
_TRISC4                            (abs)        043C
_TRISCbits                         (abs)        0087
_TRISD                             (abs)        0088
_TRISE                             (abs)        0089
_TXSTAbits                         (abs)        0098
_Temp                              bssBANK0     0026
__Habs1                            abs1         0000
__Hbank0                           bank0        0000
__Hbank1                           bank1        0000
__Hbank2                           bank2        0000
__Hbank3                           bank3        0000
__HbssBANK0                        bssBANK0     0000
__HbssCOMMON                       bssCOMMON    0000
__Hcinit                           cinit        001E
__Hclrtext                         clrtext      0000
__Hcode                            code         0000
__Hcommon                          common       0000
__Hconfig                          config       2009
__HcstackBANK0                     cstackBANK0  0000
__HcstackCOMMON                    cstackCOMMON 0000
__Heeprom_data                     eeprom_data  0000
__Hend_init                        end_init     000F
__Hfunctab                         functab      0000
__Hinit                            init         000C
__Hintentry                        intentry     000C
__Hmaintext                        maintext     0000
__Hpowerup                         powerup      0000
__Hram                             ram          0000
__Hreset_vec                       reset_vec    0003
__Hsfr0                            sfr0         0000
__Hsfr1                            sfr1         0000
__Hsfr2                            sfr2         0000
__Hsfr3                            sfr3         0000
__Hspace_0                         (abs)        0770
__Hspace_1                         (abs)        007C
__Hspace_2                         (abs)        0000
__Hspace_3                         (abs)        0000
__Hspace_4                         (abs)        4010
__Hstack                           stack        0000
__Hstrings                         strings      0000
__Htext                            text         0000
__Labs1                            abs1         0000
__Lbank0                           bank0        0000
__Lbank1                           bank1        0000
__Lbank2                           bank2        0000
__Lbank3                           bank3        0000
__LbssBANK0                        bssBANK0     0000
__LbssCOMMON                       bssCOMMON    0000
__Lcinit                           cinit        000F
__Lclrtext                         clrtext      0000
__Lcode                            code         0000
__Lcommon                          common       0000
__Lconfig                          config       0000
__LcstackBANK0                     cstackBANK0  0000
__LcstackCOMMON                    cstackCOMMON 0000
__Leeprom_data                     eeprom_data  0000
__Lend_init                        end_init     000C
__Lfunctab                         functab      0000
__Linit                            init         000C
__Lintentry                        intentry     0004
__Lmaintext                        maintext     0000
__Lpowerup                         powerup      0000
__Lram                             ram          0000
__Lreset_vec                       reset_vec    0000
__Lsfr0                            sfr0         0000
__Lsfr1                            sfr1         0000
__Lsfr2                            sfr2         0000
__Lsfr3                            sfr3         0000
__Lspace_0                         (abs)        0000
__Lspace_1                         (abs)        0000
__Lspace_2                         (abs)        0000
__Lspace_3                         (abs)        0000
__Lspace_4                         (abs)        0000
__Lstack                           stack        0000
__Lstrings                         strings      0000
__Ltext                            text         0000
__S0                               (abs)        0770
__S1                               (abs)        007C
__S2                               (abs)        0000
__S3                               (abs)        0000
___awdiv                           text18       0369
___awdiv@counter                   cstackBANK0  0038
___awdiv@dividend                  cstackCOMMON 0074
___awdiv@divisor                   cstackCOMMON 0072
___awdiv@quotient                  cstackBANK0  003A
___awdiv@sign                      cstackBANK0  0039
___awmod                           text17       049F
___awmod@counter                   cstackCOMMON 0077
___awmod@dividend                  cstackCOMMON 0074
___awmod@divisor                   cstackCOMMON 0072
___awmod@sign                      cstackCOMMON 0078
___int_sp                          stack        0000
___latbits                         (abs)        0002
___lldiv                           text13       03D2
___lldiv@counter                   cstackBANK0  003D
___lldiv@dividend                  cstackCOMMON 0076
___lldiv@divisor                   cstackCOMMON 0072
___lldiv@quotient                  cstackBANK0  0039
___sp                              stack        0000
___stackhi                         (abs)        0000
___stacklo                         (abs)        0000
__end_of_Config_USART              text15       0245
__end_of_Escribir_caracterLCD      text21       073C
__end_of_Escribir_comandoLCD       text22       05CE
__end_of_Escribir_stringLCD        text14       06FB
__end_of_I2C_Master_Init           text12       0645
__end_of_I2C_Master_Read           text19       06D5
__end_of_I2C_Master_RepeatedStart  text10       0761
__end_of_I2C_Master_Start          text9        0758
__end_of_I2C_Master_Stop           text8        074F
__end_of_I2C_Master_Wait           text20       0730
__end_of_I2C_Master_Write          text7        0746
__end_of_Iniciar_LCD               text11       049F
__end_of_InitMPU6050               text6        02F4
__end_of_Limpiar_pantallaLCD       text5        0715
__end_of___awdiv                   text18       03D2
__end_of___awmod                   text17       04F8
__end_of___lldiv                   text13       043A
__end_of__initialization           cinit        001A
__end_of__stringtab                strings      064B
__end_of_divisor_dec               text16       0548
__end_of_initOsc                   text4        06A7
__end_of_isr                       text24       0770
__end_of_main                      maintext     0195
__end_of_prender_ELCD              text23       0723
__end_of_set_cursor                text3        058B
__end_of_setup                     text2        0369
__end_of_tabla_numASCII            text1        060D
__initialization                   cinit        000F
__pbssBANK0                        bssBANK0     0020
__pbssCOMMON                       bssCOMMON    007A
__pcstackBANK0                     cstackBANK0  0038
__pcstackCOMMON                    cstackCOMMON 0070
__pintentry                        intentry     0004
__pmaintext                        maintext     001E
__pstrings                         strings      0645
__ptext1                           text1        05CE
__ptext10                          text10       0758
__ptext11                          text11       043A
__ptext12                          text12       060D
__ptext13                          text13       03D2
__ptext14                          text14       06D5
__ptext15                          text15       0195
__ptext16                          text16       04F8
__ptext17                          text17       049F
__ptext18                          text18       0369
__ptext19                          text19       06A7
__ptext2                           text2        02F4
__ptext20                          text20       0723
__ptext21                          text21       0730
__ptext22                          text22       058B
__ptext23                          text23       0715
__ptext24                          text24       0769
__ptext3                           text3        0548
__ptext4                           text4        0677
__ptext5                           text5        06FB
__ptext6                           text6        0245
__ptext7                           text7        073C
__ptext8                           text8        0746
__ptext9                           text9        074F
__size_of_Config_USART             (abs)        0000
__size_of_Escribir_caracterLCD     (abs)        0000
__size_of_Escribir_comandoLCD      (abs)        0000
__size_of_Escribir_stringLCD       (abs)        0000
__size_of_I2C_Master_Init          (abs)        0000
__size_of_I2C_Master_Read          (abs)        0000
__size_of_I2C_Master_RepeatedStart (abs)        0000
__size_of_I2C_Master_Start         (abs)        0000
__size_of_I2C_Master_Stop          (abs)        0000
__size_of_I2C_Master_Wait          (abs)        0000
__size_of_I2C_Master_Write         (abs)        0000
__size_of_Iniciar_LCD              (abs)        0000
__size_of_InitMPU6050              (abs)        0000
__size_of_Limpiar_pantallaLCD      (abs)        0000
__size_of___awdiv                  (abs)        0000
__size_of___awmod                  (abs)        0000
__size_of___lldiv                  (abs)        0000
__size_of_divisor_dec              (abs)        0000
__size_of_initOsc                  (abs)        0000
__size_of_isr                      (abs)        0000
__size_of_main                     (abs)        0000
__size_of_prender_ELCD             (abs)        0000
__size_of_set_cursor               (abs)        0000
__size_of_setup                    (abs)        0000
__size_of_tabla_numASCII           (abs)        0000
__stringbase                       strings      064A
__stringtab                        strings      0645
_cen_x                             bssBANK0     0036
_dec_x                             bssBANK0     0037
_divisor_dec                       text16       04F8
_initOsc                           text4        0677
_isr                               text24       0769
_main                              maintext     001E
_prender_ELCD                      text23       0715
_set_cursor                        text3        0548
_setup                             text2        02F4
_tabla_numASCII                    text1        05CE
_uni_x                             bssCOMMON    007A
btemp                              (abs)        007E
clear_ram0                         clrtext      0761
divisor_dec@b                      cstackBANK0  0040
divisor_dec@dig1                   cstackCOMMON 0079
divisor_dec@n                      cstackBANK0  0041
end_of_initialization              cinit        001A
initOsc@Valor                      cstackCOMMON 0072
interrupt_function                 intentry     0004
intlevel0                          functab      0000
intlevel1                          functab      0000
intlevel2                          functab      0000
intlevel3                          functab      0000
intlevel4                          functab      0000
intlevel5                          functab      0000
reset_vec                          reset_vec    0000
saved_w                            (abs)        007E
set_cursor@linea                   cstackCOMMON 0077
set_cursor@posicion                cstackCOMMON 0074
start                              init         000C
start_initialization               cinit        000F
tabla_numASCII@a                   cstackCOMMON 0074
wtemp0                             (abs)        007E


MODULE INFORMATION

Module		Function		Class		Link	Load	Size
MPU.c
		_InitMPU6050   		CODE           	0245	0000	175

MPU.c estimated size: 175

UART.c
		_Config_USART  		CODE           	0195	0000	176

UART.c estimated size: 176

I2C.c
		_I2C_Master_Read		CODE           	06A7	0000	46
		_I2C_Master_Wait		CODE           	0723	0000	13
		_I2C_Master_Init		CODE           	060D	0000	56
		_I2C_Master_Stop		CODE           	0746	0000	9
		_I2C_Master_RepeatedStart		CODE           	0758	0000	9
		_I2C_Master_Write		CODE           	073C	0000	10
		_I2C_Master_Start		CODE           	074F	0000	9

I2C.c estimated size: 152

Oscilador.c
		_initOsc       		CODE           	0677	0000	48

Oscilador.c estimated size: 48

C:\Program Files\Microchip\xc8\v2.32\pic\sources\c90\common\awmod.c
		___awmod       		CODE           	049F	0000	89

C:\Program Files\Microchip\xc8\v2.32\pic\sources\c90\common\awmod.c estimated size: 89

shared
		__stringtab    		STRING         	0645	0000	6
		__initialization		CODE           	000F	0000	11

shared estimated size: 17

Maestro I2C.c
		_tabla_numASCII		CODE           	05CE	0000	63
		_main          		CODE           	001E	0000	375
		_isr           		CODE           	0769	0000	7
		_setup         		CODE           	02F4	0000	117
		_divisor_dec   		CODE           	04F8	0000	80

Maestro I2C.c estimated size: 642

C:\Program Files\Microchip\xc8\v2.32\pic\sources\c90\common\awdiv.c
		___awdiv       		CODE           	0369	0000	105

C:\Program Files\Microchip\xc8\v2.32\pic\sources\c90\common\awdiv.c estimated size: 105

LCD.c
		_Escribir_caracterLCD		CODE           	0730	0000	12
		_Iniciar_LCD   		CODE           	043A	0000	101
		_set_cursor    		CODE           	0548	0000	67
		_Escribir_stringLCD		CODE           	06D5	0000	38
		_Limpiar_pantallaLCD		CODE           	06FB	0000	26
		_Escribir_comandoLCD		CODE           	058B	0000	67
		_prender_ELCD  		CODE           	0715	0000	14

LCD.c estimated size: 325

C:\Program Files\Microchip\xc8\v2.32\pic\sources\c90\common\__lldiv.c
		___lldiv       		CODE           	03D2	0000	104

C:\Program Files\Microchip\xc8\v2.32\pic\sources\c90\common\__lldiv.c estimated size: 104

