Microchip MPLAB XC8 Compiler V2.32

Linker command line:

-W-3 --edf=C:\Program Files\Microchip\xc8\v2.32\pic\dat\en_msgs.txt -cn \
  -h+dist/default/production\MAESTRO_MPLAB.production.sym \
  --cmf=dist/default/production\MAESTRO_MPLAB.production.cmf -z -Q16F887 \
  -oC:\Users\jocar\AppData\Local\Temp\xcAs2ts.4 --defsym=__MPLAB_BUILD=1 \
  -Mdist/default/production/MAESTRO_MPLAB.production.map -E1 \
  -ver=XC8 Compiler --acfsm=1493 -ASTACK=0110h-016Fh -pstack=STACK \
  -ACODE=00h-07FFhx4 -ASTRCODE=00h-01FFFh -ASTRING=00h-0FFhx32 \
  -ACONST=00h-0FFhx32 -AENTRY=00h-0FFhx32 -ACOMMON=070h-07Fh \
  -ABANK0=020h-06Fh -ABANK1=0A0h-0EFh -ABANK2=0110h-016Fh \
  -ABANK3=0190h-01EFh -ARAM=020h-06Fh,0A0h-0EFh,0110h-016Fh,0190h-01EFh \
  -AABS1=020h-07Fh,0A0h-0EFh,0110h-016Fh,0190h-01EFh -ASFR0=00h-01Fh \
  -ASFR1=080h-09Fh -ASFR2=0100h-010Fh -ASFR3=0180h-018Fh \
  -ACONFIG=02007h-02008h -DCONFIG=2 -AIDLOC=02000h-02003h -DIDLOC=2 \
  -AEEDATA=00h-0FFh/02100h -peeprom_data=EEDATA -DEEDATA=2 -DCODE=2 \
  -DSTRCODE=2 -DSTRING=2 -DCONST=2 -DENTRY=2 \
  -preset_vec=00h,intentry=04h,init,end_init -ppowerup=CODE -pcinit=CODE \
  -pfunctab=ENTRY -k C:\Users\jocar\AppData\Local\Temp\xcAs2ts.o \
  dist/default/production\MAESTRO_MPLAB.production.o 

Object code version is 3.11

Machine type is 16F887



                Name                               Link     Load   Length Selector   Space Scale
C:\Users\jocar\AppData\Local\Temp\xcAs2ts.o
                end_init                              C        C        3        8       0
                reset_vec                             0        0        3        0       0
                config                             2007     2007        2        0       4
dist/default/production\MAESTRO_MPLAB.production.o
                cinit                                 F        F       28        8       0
                intentry                              4        4        8        8       0
                config                             2007     2007        2        0       4
                text24                              7EE      7EE       11      E78       0
                text23                              FF2      FF2        E     1FE4       0
                text22                              671      671       43        8       0
                text21                              FE6      FE6        C     1FCC       0
                text20                              6F3      6F3        D        8       0
                text19                              76C      76C       28      E78       0
                text18                              FD1      FD1        A     1FA2       0
                text17                              450      450       69        8       0
                text16                              586      586       5B        8       0
                text15                              5E1      5E1       4D        8       0
                text14                              29B      29B       B0        8       0
                text13                              794      794       26      E78       0
                text12                              521      521       65        8       0
                text11                              FC8      FC8        9     1F90       0
                text10                              FDB      FDB        B     1FB6       0
                text9                               7D4      7D4       1A      E78       0
                text8                               34B      34B       8A        8       0
                text7                               4B9      4B9       68        8       0
                text6                               1EA      1EA       B1        8       0
                text5                               7BA      7BA       1A      E78       0
                text4                               73C      73C       30      E78       0
                text3                               62E      62E       43        8       0
                text2                               3D5      3D5       7B        8       0
                text1                               6B4      6B4       3F        8       0
                maintext                             37       37      1B3        8       0
                cstackBANK0                          38       38       18       20       1
                cstackCOMMON                         70       70        8       70       1
                clrtext                             FC0      FC0        8     1F80       0
                dataBANK0                            50       50        4       20       1
                bssBANK0                             20       20       18       20       1
                bssCOMMON                            78       78        3       70       1
                strings                             700      700       3C      E00       0
                idataBANK0                          FBC      FBC        4     1F78       0

TOTAL           Name                               Link     Load   Length     Space
        CLASS   STACK          

        CLASS   CODE           
                end_init                              C        C        3         0
                cinit                                 F        F       28         0
                intentry                              4        4        8         0
                reset_vec                             0        0        3         0
                text24                              7EE      7EE       11         0
                text23                              FF2      FF2        E         0
                text22                              671      671       43         0
                text21                              FE6      FE6        C         0
                text20                              6F3      6F3        D         0
                text19                              76C      76C       28         0
                text18                              FD1      FD1        A         0
                text17                              450      450       69         0
                text16                              586      586       5B         0
                text15                              5E1      5E1       4D         0
                text14                              29B      29B       B0         0
                text13                              794      794       26         0
                text12                              521      521       65         0
                text11                              FC8      FC8        9         0
                text10                              FDB      FDB        B         0
                text9                               7D4      7D4       1A         0
                text8                               34B      34B       8A         0
                text7                               4B9      4B9       68         0
                text6                               1EA      1EA       B1         0
                text5                               7BA      7BA       1A         0
                text4                               73C      73C       30         0
                text3                               62E      62E       43         0
                text2                               3D5      3D5       7B         0
                text1                               6B4      6B4       3F         0
                maintext                             37       37      1B3         0
                clrtext                             FC0      FC0        8         0
                idataBANK0                          FBC      FBC        4         0

        CLASS   STRCODE        

        CLASS   STRING         
                strings                             700      700       3C         0

        CLASS   CONST          

        CLASS   ENTRY          

        CLASS   COMMON         
                cstackCOMMON                         70       70        8         1
                bssCOMMON                            78       78        3         1

        CLASS   BANK0          
                cstackBANK0                          38       38       18         1
                dataBANK0                            50       50        4         1
                bssBANK0                             20       20       18         1

        CLASS   BANK1          

        CLASS   BANK2          

        CLASS   BANK3          

        CLASS   RAM            

        CLASS   ABS1           
                abs_s1                               7E       7E        2         1

        CLASS   SFR0           

        CLASS   SFR1           

        CLASS   SFR2           

        CLASS   SFR3           

        CLASS   CONFIG         
                config                             2007     2007        2         4

        CLASS   IDLOC          

        CLASS   EEDATA         



SEGMENTS        Name                           Load    Length   Top    Selector   Space  Class     Delta

                reset_vec                      000000  000003  000003         0       0  CODE        2
                intentry                       000004  0006FC  000700         8       0  CODE        2
                bssBANK0                       000020  000034  000054        20       1  BANK0       1
                cstackCOMMON                   000070  00000B  00007B        70       1  COMMON      1
                strings                        000700  00003C  00073C       E00       0  STRING      2
                text4                          00073C  0000C3  0007FF       E78       0  CODE        2
                idataBANK0                     000FBC  000004  000FC0      1F78       0  CODE        2
                clrtext                        000FC0  000008  000FC8      1F80       0  CODE        2
                text11                         000FC8  000009  000FD1      1F90       0  CODE        2
                text18                         000FD1  00000A  000FDB      1FA2       0  CODE        2
                text10                         000FDB  00000B  000FE6      1FB6       0  CODE        2
                text21                         000FE6  00000C  000FF2      1FCC       0  CODE        2
                text23                         000FF2  00000E  001000      1FE4       0  CODE        2


UNUSED ADDRESS RANGES

        Name                Unused          Largest block    Delta
        BANK0            0054-006F             1C           1
        BANK1            00A0-00EF             50           1
        BANK2            0110-016F             60           1
        BANK3            0190-01EF             60           1
        CODE             0003-0003              1           2
                         07FF-0FBB              1
                         1000-1FFF            800
        COMMON           007B-007D              3           1
        CONST            0003-0003              1           2
                         07FF-0FBB            100
                         1000-1FFF            100
        EEDATA           2100-21FF            100           2
        ENTRY            0003-0003              1           2
                         07FF-0FBB            100
                         1000-1FFF            100
        IDLOC            2000-2003              4           2
        RAM              0054-006F             1C           1
                         00A0-00EF             50
                         0110-016F             60
                         0190-01EF             60
        SFR0             0000-001F             20           1
        SFR1             0080-009F             20           1
        SFR2             0100-010F             10           1
        SFR3             0180-018F             10           1
        STACK            0110-016F             60           1
        STRCODE          0003-0003              1           2
                         07FF-0FBB            7BD
                         1000-1FFF           1000
        STRING           0003-0003              1           2
                         07FF-0FBB            100
                         1000-1FFF            100

                                  Symbol Table

?___awdiv                      cstackCOMMON 0073
?___awmod                      cstackCOMMON 0073
?___lldiv                      cstackBANK0  0038
Config_USART@Freq              cstackCOMMON 0075
Config_USART@baud_rate         cstackCOMMON 0073
Escribir_caracterLCD@a         cstackCOMMON 0075
Escribir_comandoLCD@Comando    cstackCOMMON 0074
Escribir_stringLCD@d           cstackCOMMON 0077
Escribir_stringLCD@i           cstackCOMMON 0076
I2CMasterRead@ACK              cstackCOMMON 0074
I2CMasterRead@Datos            cstackCOMMON 0075
I2CMasterWrite@Datos           cstackCOMMON 0073
I2C_Master_Start@Modo_Inicio   cstackCOMMON 0073
InitMSSP@Dato                  cstackBANK0  0045
InitMSSP@Modo                  cstackBANK0  0049
UART_Write@data                cstackCOMMON 0073
_ANSEL                         (abs)        0188
_ANSELH                        (abs)        0189
_Ax1                           bssBANK0     0037
_Ax2                           bssBANK0     0036
_Ay1                           bssBANK0     0035
_Ay2                           bssBANK0     0034
_Az1                           bssBANK0     0033
_Az2                           bssBANK0     0032
_BAUDCTLbits                   (abs)        0187
_CKP                           (abs)        00A4
_Config_USART                  text14       029B
_Escribir_caracterLCD          text21       0FE6
_Escribir_comandoLCD           text22       0671
_Escribir_stringLCD            text13       0794
_GIE                           (abs)        005F
_Giro_digx                     bssCOMMON    007A
_Giro_digy                     bssCOMMON    0079
_Gx1                           bssCOMMON    0078
_Gx2                           bssBANK0     002F
_Gy1                           bssBANK0     002E
_Gy2                           bssBANK0     002D
_Gz1                           bssBANK0     002C
_Gz2                           bssBANK0     002B
_I2CMasterCheck                text20       06F3
_I2CMasterRead                 text19       076C
_I2CMasterStop                 text11       0FC8
_I2CMasterWrite                text10       0FDB
_I2C_Master_Start              text9        07D4
_INTCONbits                    (abs)        000B
_Iniciar_LCD                   text12       0521
_InitMPU6050                   text8        034B
_InitMSSP                      text6        01EA
_Limpiar_pantallaLCD           text5        07BA
_OSCCONbits                    (abs)        008F
_PEIE                          (abs)        005E
_PIE1bits                      (abs)        008C
_PIR1bits                      (abs)        000C
_PORTA                         (abs)        0005
_PORTB                         (abs)        0006
_PORTBbits                     (abs)        0006
_PORTD                         (abs)        0008
_PORTDbits                     (abs)        0008
_RCIF                          (abs)        0065
_RCREG                         (abs)        001A
_RCSTAbits                     (abs)        0018
_SPBRG                         (abs)        0099
_SPBRGH                        (abs)        009A
_SSPADD                        (abs)        0093
_SSPBUF                        (abs)        0013
_SSPCON                        (abs)        0014
_SSPCON2                       (abs)        0091
_SSPCON2bits                   (abs)        0091
_SSPCONbits                    (abs)        0014
_SSPIE                         (abs)        0463
_SSPIF                         (abs)        0063
_SSPSTAT                       (abs)        0094
_SSPSTATbits                   (abs)        0094
_T1                            bssBANK0     0031
_T2                            bssBANK0     0030
_TRISA                         (abs)        0085
_TRISAbits                     (abs)        0085
_TRISB                         (abs)        0086
_TRISC3                        (abs)        043B
_TRISC4                        (abs)        043C
_TRISCbits                     (abs)        0087
_TRISD                         (abs)        0088
_TXIF                          (abs)        0064
_TXREG                         (abs)        0019
_TXSTAbits                     (abs)        0098
_UA                            (abs)        04A1
_UART_Write                    text18       0FD1
__Habs1                        abs1         0000
__Hbank0                       bank0        0000
__Hbank1                       bank1        0000
__Hbank2                       bank2        0000
__Hbank3                       bank3        0000
__HbssBANK0                    bssBANK0     0000
__HbssCOMMON                   bssCOMMON    0000
__Hcinit                       cinit        0037
__Hclrtext                     clrtext      0000
__Hcode                        code         0000
__Hcommon                      common       0000
__Hconfig                      config       2009
__HcstackBANK0                 cstackBANK0  0000
__HcstackCOMMON                cstackCOMMON 0000
__HdataBANK0                   dataBANK0    0000
__Heeprom_data                 eeprom_data  0000
__Hend_init                    end_init     000F
__Hfunctab                     functab      0000
__HidataBANK0                  idataBANK0   0000
__Hinit                        init         000C
__Hintentry                    intentry     000C
__Hmaintext                    maintext     0000
__Hpowerup                     powerup      0000
__Hram                         ram          0000
__Hreset_vec                   reset_vec    0003
__Hsfr0                        sfr0         0000
__Hsfr1                        sfr1         0000
__Hsfr2                        sfr2         0000
__Hsfr3                        sfr3         0000
__Hspace_0                     (abs)        1000
__Hspace_1                     (abs)        007B
__Hspace_2                     (abs)        0000
__Hspace_3                     (abs)        0000
__Hspace_4                     (abs)        4010
__Hstack                       stack        0000
__Hstrings                     strings      0000
__Htext                        text         0000
__Labs1                        abs1         0000
__Lbank0                       bank0        0000
__Lbank1                       bank1        0000
__Lbank2                       bank2        0000
__Lbank3                       bank3        0000
__LbssBANK0                    bssBANK0     0000
__LbssCOMMON                   bssCOMMON    0000
__Lcinit                       cinit        000F
__Lclrtext                     clrtext      0000
__Lcode                        code         0000
__Lcommon                      common       0000
__Lconfig                      config       0000
__LcstackBANK0                 cstackBANK0  0000
__LcstackCOMMON                cstackCOMMON 0000
__LdataBANK0                   dataBANK0    0000
__Leeprom_data                 eeprom_data  0000
__Lend_init                    end_init     000C
__Lfunctab                     functab      0000
__LidataBANK0                  idataBANK0   0000
__Linit                        init         000C
__Lintentry                    intentry     0004
__Lmaintext                    maintext     0000
__Lpowerup                     powerup      0000
__Lram                         ram          0000
__Lreset_vec                   reset_vec    0000
__Lsfr0                        sfr0         0000
__Lsfr1                        sfr1         0000
__Lsfr2                        sfr2         0000
__Lsfr3                        sfr3         0000
__Lspace_0                     (abs)        0000
__Lspace_1                     (abs)        0000
__Lspace_2                     (abs)        0000
__Lspace_3                     (abs)        0000
__Lspace_4                     (abs)        0000
__Lstack                       stack        0000
__Lstrings                     strings      0000
__Ltext                        text         0000
__S0                           (abs)        1000
__S1                           (abs)        007B
__S2                           (abs)        0000
__S3                           (abs)        0000
___awdiv                       text17       0450
___awdiv@counter               cstackBANK0  0038
___awdiv@dividend              cstackCOMMON 0075
___awdiv@divisor               cstackCOMMON 0073
___awdiv@quotient              cstackBANK0  003A
___awdiv@sign                  cstackBANK0  0039
___awmod                       text16       0586
___awmod@counter               cstackBANK0  0038
___awmod@dividend              cstackCOMMON 0075
___awmod@divisor               cstackCOMMON 0073
___awmod@sign                  cstackBANK0  0039
___int_sp                      stack        0000
___latbits                     (abs)        0002
___lldiv                       text7        04B9
___lldiv@counter               cstackBANK0  0044
___lldiv@dividend              cstackBANK0  003C
___lldiv@divisor               cstackBANK0  0038
___lldiv@quotient              cstackBANK0  0040
___sp                          stack        0000
___stackhi                     (abs)        0000
___stacklo                     (abs)        0000
__end_of_Config_USART          text14       034B
__end_of_Escribir_caracterLCD  text21       0FF2
__end_of_Escribir_comandoLCD   text22       06B4
__end_of_Escribir_stringLCD    text13       07BA
__end_of_I2CMasterCheck        text20       0700
__end_of_I2CMasterRead         text19       0794
__end_of_I2CMasterStop         text11       0FD1
__end_of_I2CMasterWrite        text10       0FE6
__end_of_I2C_Master_Start      text9        07EE
__end_of_Iniciar_LCD           text12       0586
__end_of_InitMPU6050           text8        03D5
__end_of_InitMSSP              text6        029B
__end_of_Limpiar_pantallaLCD   text5        07D4
__end_of_UART_Write            text18       0FDB
__end_of___awdiv               text17       04B9
__end_of___awmod               text16       05E1
__end_of___lldiv               text7        0521
__end_of__initialization       cinit        0033
__end_of__stringtab            strings      0706
__end_of_divisor_dec           text15       062E
__end_of_initOsc               text4        076C
__end_of_isr                   text24       07FF
__end_of_main                  maintext     01EA
__end_of_prender_ELCD          text23       1000
__end_of_set_cursor            text3        0671
__end_of_setup                 text2        0450
__end_of_tabla_numASCII        text1        06F3
__initialization               cinit        000F
__pbssBANK0                    bssBANK0     0020
__pbssCOMMON                   bssCOMMON    0078
__pcstackBANK0                 cstackBANK0  0038
__pcstackCOMMON                cstackCOMMON 0070
__pdataBANK0                   dataBANK0    0050
__pidataBANK0                  idataBANK0   0FBC
__pintentry                    intentry     0004
__pmaintext                    maintext     0037
__pstrings                     strings      0700
__ptext1                       text1        06B4
__ptext10                      text10       0FDB
__ptext11                      text11       0FC8
__ptext12                      text12       0521
__ptext13                      text13       0794
__ptext14                      text14       029B
__ptext15                      text15       05E1
__ptext16                      text16       0586
__ptext17                      text17       0450
__ptext18                      text18       0FD1
__ptext19                      text19       076C
__ptext2                       text2        03D5
__ptext20                      text20       06F3
__ptext21                      text21       0FE6
__ptext22                      text22       0671
__ptext23                      text23       0FF2
__ptext24                      text24       07EE
__ptext3                       text3        062E
__ptext4                       text4        073C
__ptext5                       text5        07BA
__ptext6                       text6        01EA
__ptext7                       text7        04B9
__ptext8                       text8        034B
__ptext9                       text9        07D4
__size_of_Config_USART         (abs)        0000
__size_of_Escribir_caracterLCD (abs)        0000
__size_of_Escribir_comandoLCD  (abs)        0000
__size_of_Escribir_stringLCD   (abs)        0000
__size_of_I2CMasterCheck       (abs)        0000
__size_of_I2CMasterRead        (abs)        0000
__size_of_I2CMasterStop        (abs)        0000
__size_of_I2CMasterWrite       (abs)        0000
__size_of_I2C_Master_Start     (abs)        0000
__size_of_Iniciar_LCD          (abs)        0000
__size_of_InitMPU6050          (abs)        0000
__size_of_InitMSSP             (abs)        0000
__size_of_Limpiar_pantallaLCD  (abs)        0000
__size_of_UART_Write           (abs)        0000
__size_of___awdiv              (abs)        0000
__size_of___awmod              (abs)        0000
__size_of___lldiv              (abs)        0000
__size_of_divisor_dec          (abs)        0000
__size_of_initOsc              (abs)        0000
__size_of_isr                  (abs)        0000
__size_of_main                 (abs)        0000
__size_of_prender_ELCD         (abs)        0000
__size_of_set_cursor           (abs)        0000
__size_of_setup                (abs)        0000
__size_of_tabla_numASCII       (abs)        0000
__stringbase                   strings      0705
__stringtab                    strings      0700
_cen_x                         bssBANK0     0028
_cen_y                         bssBANK0     0025
_dato                          dataBANK0    0052
_dec_x                         bssBANK0     0029
_dec_y                         bssBANK0     0026
_divisor_dec                   text15       05E1
_initOsc                       text4        073C
_isr                           text24       07EE
_main                          maintext     0037
_prender_ELCD                  text23       0FF2
_set_cursor                    text3        062E
_setup                         text2        03D5
_tabla_numASCII                text1        06B4
_uni_x                         bssBANK0     002A
_uni_y                         bssBANK0     0027
btemp                          (abs)        007E
clear_ram0                     clrtext      0FC0
divisor_dec@b                  cstackBANK0  003C
divisor_dec@dig1               cstackBANK0  003E
divisor_dec@n                  cstackBANK0  0041
end_of_initialization          cinit        0033
initOsc@Valor                  cstackCOMMON 0073
interrupt_function             intentry     0004
intlevel0                      functab      0000
intlevel1                      functab      0000
intlevel2                      functab      0000
intlevel3                      functab      0000
intlevel4                      functab      0000
intlevel5                      functab      0000
reset_vec                      reset_vec    0000
saved_w                        (abs)        007E
set_cursor@linea               cstackBANK0  0038
set_cursor@posicion            cstackCOMMON 0075
start                          init         000C
start_initialization           cinit        000F
tabla_numASCII@a               cstackCOMMON 0075
wtemp0                         (abs)        007E


MODULE INFORMATION

Module		Function		Class		Link	Load	Size
MPU.c
		_InitMPU6050   		CODE           	034B	0000	138

MPU.c estimated size: 138

UART.c
		_Config_USART  		CODE           	029B	0000	176
		_UART_Write    		CODE           	0FD1	0000	10

UART.c estimated size: 186

I2C.c
		_InitMSSP      		CODE           	01EA	0000	177
		_I2CMasterRead 		CODE           	076C	0000	40
		_I2CMasterStop 		CODE           	0FC8	0000	9
		_I2CMasterCheck		CODE           	06F3	0000	13
		_I2CMasterWrite		CODE           	0FDB	0000	11
		_I2C_Master_Start		CODE           	07D4	0000	26

I2C.c estimated size: 276

Oscilador.c
		_initOsc       		CODE           	073C	0000	48

Oscilador.c estimated size: 48

C:\Program Files\Microchip\xc8\v2.32\pic\sources\c90\common\awmod.c
		___awmod       		CODE           	0586	0000	91

C:\Program Files\Microchip\xc8\v2.32\pic\sources\c90\common\awmod.c estimated size: 91

shared
		__stringtab    		STRING         	0700	0000	6
		__initialization		CODE           	000F	0000	36

shared estimated size: 42

Maestro I2C.c
		_tabla_numASCII		CODE           	06B4	0000	63
		_main          		CODE           	0037	0000	435
		_isr           		CODE           	07EE	0000	17
		_setup         		CODE           	03D5	0000	123
		_divisor_dec   		CODE           	05E1	0000	77

Maestro I2C.c estimated size: 715

C:\Program Files\Microchip\xc8\v2.32\pic\sources\c90\common\awdiv.c
		___awdiv       		CODE           	0450	0000	105

C:\Program Files\Microchip\xc8\v2.32\pic\sources\c90\common\awdiv.c estimated size: 105

LCD.c
		_Escribir_caracterLCD		CODE           	0FE6	0000	12
		_Iniciar_LCD   		CODE           	0521	0000	101
		_set_cursor    		CODE           	062E	0000	67
		_Escribir_stringLCD		CODE           	0794	0000	38
		_Limpiar_pantallaLCD		CODE           	07BA	0000	26
		_Escribir_comandoLCD		CODE           	0671	0000	67
		_prender_ELCD  		CODE           	0FF2	0000	14

LCD.c estimated size: 325

C:\Program Files\Microchip\xc8\v2.32\pic\sources\c90\common\__lldiv.c
		___lldiv       		CODE           	04B9	0000	104

C:\Program Files\Microchip\xc8\v2.32\pic\sources\c90\common\__lldiv.c estimated size: 104

